// Jest Snapshot v1, https://goo.gl/fbAQLP

exports[`PokemonGrid component renders correctly without crashing 1`] = `ShallowWrapper {}`;
