// Jest Snapshot v1, https://goo.gl/fbAQLP

exports[`PokemonCardPreview component renders correctly without crashing 1`] = `ShallowWrapper {}`;
