// Jest Snapshot v1, https://goo.gl/fbAQLP

exports[`Container component renders correctly without crashing 1`] = `ShallowWrapper {}`;
