// Jest Snapshot v1, https://goo.gl/fbAQLP

exports[`Home page renders correctly without crashing 1`] = `ShallowWrapper {}`;
