// Jest Snapshot v1, https://goo.gl/fbAQLP

exports[`Spinner component renders correctly without crashing 1`] = `ShallowWrapper {}`;
