// Jest Snapshot v1, https://goo.gl/fbAQLP

exports[`Tag component renders correctly without crashing 1`] = `ShallowWrapper {}`;
