// Jest Snapshot v1, https://goo.gl/fbAQLP

exports[`SearchBar component renders correctly without crashing 1`] = `ShallowWrapper {}`;
