// Jest Snapshot v1, https://goo.gl/fbAQLP

exports[`SideBar component renders properly without crashing 1`] = `ShallowWrapper {}`;
